exports[`test snapshot 1`] = `
<div>
  <h2>
    AngelMD StyleGuide
  </h2>
</div>
`;
