exports[`test snapshot 1`] = `
<h2>
  AngelMD StyleGuide
</h2>
`;
